#Timing report of worst 16 path(s)
# Unit scale: 1e-09 seconds
# Output precision: 3

#Path 1
Startpoint: q0[2].Q[0] (.latch clocked by clk1)
Endpoint  : out:q0[2].outpad[0] (.output clocked by clk1)
Path Type : setup

Point                                                             Incr      Path
--------------------------------------------------------------------------------
clock clk1 (rise edge)                                           0.000     0.000
clock source latency                                             0.000     0.000
clk1.inpad[0] (.input)                                           0.000     0.000
q0[2].clk[0] (.latch)                                            0.557     0.557
q0[2].Q[0] (.latch) [clock-to-output]                            0.124     0.681
out:q0[2].outpad[0] (.output)                                    0.509     1.190
data arrival time                                                          1.190

clock clk1 (rise edge)                                           0.000     0.000
clock source latency                                             0.000     0.000
clock uncertainty                                                0.000     0.000
output external delay                                            0.000     0.000
data required time                                                         0.000
--------------------------------------------------------------------------------
data required time                                                         0.000
data arrival time                                                         -1.190
--------------------------------------------------------------------------------
slack (VIOLATED)                                                          -1.190


#Path 2
Startpoint: q1[1].Q[0] (.latch clocked by clk1)
Endpoint  : out:q1[1].outpad[0] (.output clocked by clk1)
Path Type : setup

Point                                                             Incr      Path
--------------------------------------------------------------------------------
clock clk1 (rise edge)                                           0.000     0.000
clock source latency                                             0.000     0.000
clk1.inpad[0] (.input)                                           0.000     0.000
q1[1].clk[0] (.latch)                                            0.557     0.557
q1[1].Q[0] (.latch) [clock-to-output]                            0.124     0.681
out:q1[1].outpad[0] (.output)                                    0.319     1.000
data arrival time                                                          1.000

clock clk1 (rise edge)                                           0.000     0.000
clock source latency                                             0.000     0.000
clock uncertainty                                                0.000     0.000
output external delay                                            0.000     0.000
data required time                                                         0.000
--------------------------------------------------------------------------------
data required time                                                         0.000
data arrival time                                                         -1.000
--------------------------------------------------------------------------------
slack (VIOLATED)                                                          -1.000


#Path 3
Startpoint: q1[0].Q[0] (.latch clocked by clk1)
Endpoint  : out:q1[0].outpad[0] (.output clocked by clk1)
Path Type : setup

Point                                                             Incr      Path
--------------------------------------------------------------------------------
clock clk1 (rise edge)                                           0.000     0.000
clock source latency                                             0.000     0.000
clk1.inpad[0] (.input)                                           0.000     0.000
q1[0].clk[0] (.latch)                                            0.557     0.557
q1[0].Q[0] (.latch) [clock-to-output]                            0.124     0.681
out:q1[0].outpad[0] (.output)                                    0.261     0.942
data arrival time                                                          0.942

clock clk1 (rise edge)                                           0.000     0.000
clock source latency                                             0.000     0.000
clock uncertainty                                                0.000     0.000
output external delay                                            0.000     0.000
data required time                                                         0.000
--------------------------------------------------------------------------------
data required time                                                         0.000
data arrival time                                                         -0.942
--------------------------------------------------------------------------------
slack (VIOLATED)                                                          -0.942


#Path 4
Startpoint: q0[1].Q[0] (.latch clocked by clk1)
Endpoint  : out:q0[1].outpad[0] (.output clocked by clk1)
Path Type : setup

Point                                                             Incr      Path
--------------------------------------------------------------------------------
clock clk1 (rise edge)                                           0.000     0.000
clock source latency                                             0.000     0.000
clk1.inpad[0] (.input)                                           0.000     0.000
q0[1].clk[0] (.latch)                                            0.557     0.557
q0[1].Q[0] (.latch) [clock-to-output]                            0.124     0.681
out:q0[1].outpad[0] (.output)                                    0.261     0.942
data arrival time                                                          0.942

clock clk1 (rise edge)                                           0.000     0.000
clock source latency                                             0.000     0.000
clock uncertainty                                                0.000     0.000
output external delay                                            0.000     0.000
data required time                                                         0.000
--------------------------------------------------------------------------------
data required time                                                         0.000
data arrival time                                                         -0.942
--------------------------------------------------------------------------------
slack (VIOLATED)                                                          -0.942


#Path 5
Startpoint: q0[3].Q[0] (.latch clocked by clk1)
Endpoint  : out:q0[3].outpad[0] (.output clocked by clk1)
Path Type : setup

Point                                                             Incr      Path
--------------------------------------------------------------------------------
clock clk1 (rise edge)                                           0.000     0.000
clock source latency                                             0.000     0.000
clk1.inpad[0] (.input)                                           0.000     0.000
q0[3].clk[0] (.latch)                                            0.557     0.557
q0[3].Q[0] (.latch) [clock-to-output]                            0.124     0.681
out:q0[3].outpad[0] (.output)                                    0.260     0.941
data arrival time                                                          0.941

clock clk1 (rise edge)                                           0.000     0.000
clock source latency                                             0.000     0.000
clock uncertainty                                                0.000     0.000
output external delay                                            0.000     0.000
data required time                                                         0.000
--------------------------------------------------------------------------------
data required time                                                         0.000
data arrival time                                                         -0.941
--------------------------------------------------------------------------------
slack (VIOLATED)                                                          -0.941


#Path 6
Startpoint: q1[2].Q[0] (.latch clocked by clk1)
Endpoint  : out:q1[2].outpad[0] (.output clocked by clk1)
Path Type : setup

Point                                                             Incr      Path
--------------------------------------------------------------------------------
clock clk1 (rise edge)                                           0.000     0.000
clock source latency                                             0.000     0.000
clk1.inpad[0] (.input)                                           0.000     0.000
q1[2].clk[0] (.latch)                                            0.557     0.557
q1[2].Q[0] (.latch) [clock-to-output]                            0.124     0.681
out:q1[2].outpad[0] (.output)                                    0.258     0.939
data arrival time                                                          0.939

clock clk1 (rise edge)                                           0.000     0.000
clock source latency                                             0.000     0.000
clock uncertainty                                                0.000     0.000
output external delay                                            0.000     0.000
data required time                                                         0.000
--------------------------------------------------------------------------------
data required time                                                         0.000
data arrival time                                                         -0.939
--------------------------------------------------------------------------------
slack (VIOLATED)                                                          -0.939


#Path 7
Startpoint: q1[3].Q[0] (.latch clocked by clk1)
Endpoint  : out:q1[3].outpad[0] (.output clocked by clk1)
Path Type : setup

Point                                                             Incr      Path
--------------------------------------------------------------------------------
clock clk1 (rise edge)                                           0.000     0.000
clock source latency                                             0.000     0.000
clk1.inpad[0] (.input)                                           0.000     0.000
q1[3].clk[0] (.latch)                                            0.557     0.557
q1[3].Q[0] (.latch) [clock-to-output]                            0.124     0.681
out:q1[3].outpad[0] (.output)                                    0.258     0.939
data arrival time                                                          0.939

clock clk1 (rise edge)                                           0.000     0.000
clock source latency                                             0.000     0.000
clock uncertainty                                                0.000     0.000
output external delay                                            0.000     0.000
data required time                                                         0.000
--------------------------------------------------------------------------------
data required time                                                         0.000
data arrival time                                                         -0.939
--------------------------------------------------------------------------------
slack (VIOLATED)                                                          -0.939


#Path 8
Startpoint: q0[0].Q[0] (.latch clocked by clk1)
Endpoint  : out:q0[0].outpad[0] (.output clocked by clk1)
Path Type : setup

Point                                                             Incr      Path
--------------------------------------------------------------------------------
clock clk1 (rise edge)                                           0.000     0.000
clock source latency                                             0.000     0.000
clk1.inpad[0] (.input)                                           0.000     0.000
q0[0].clk[0] (.latch)                                            0.557     0.557
q0[0].Q[0] (.latch) [clock-to-output]                            0.124     0.681
out:q0[0].outpad[0] (.output)                                    0.196     0.877
data arrival time                                                          0.877

clock clk1 (rise edge)                                           0.000     0.000
clock source latency                                             0.000     0.000
clock uncertainty                                                0.000     0.000
output external delay                                            0.000     0.000
data required time                                                         0.000
--------------------------------------------------------------------------------
data required time                                                         0.000
data arrival time                                                         -0.877
--------------------------------------------------------------------------------
slack (VIOLATED)                                                          -0.877


#Path 9
Startpoint: q1[0].Q[0] (.latch clocked by clk1)
Endpoint  : q1[0].D[0] (.latch clocked by clk1)
Path Type : setup

Point                                                             Incr      Path
--------------------------------------------------------------------------------
clock clk1 (rise edge)                                           0.000     0.000
clock source latency                                             0.000     0.000
clk1.inpad[0] (.input)                                           0.000     0.000
q1[0].clk[0] (.latch)                                            0.557     0.557
q1[0].Q[0] (.latch) [clock-to-output]                            0.124     0.681
n24.in[1] (.names)                                               0.120     0.801
n24.out[0] (.names)                                              0.261     1.062
q1[0].D[0] (.latch)                                              0.000     1.062
data arrival time                                                          1.062

clock clk1 (rise edge)                                           0.000     0.000
clock source latency                                             0.000     0.000
clk1.inpad[0] (.input)                                           0.000     0.000
q1[0].clk[0] (.latch)                                            0.557     0.557
clock uncertainty                                                0.000     0.557
cell setup time                                                 -0.066     0.491
data required time                                                         0.491
--------------------------------------------------------------------------------
data required time                                                         0.491
data arrival time                                                         -1.062
--------------------------------------------------------------------------------
slack (VIOLATED)                                                          -0.571


#Path 10
Startpoint: q1[1].Q[0] (.latch clocked by clk1)
Endpoint  : q1[1].D[0] (.latch clocked by clk1)
Path Type : setup

Point                                                             Incr      Path
--------------------------------------------------------------------------------
clock clk1 (rise edge)                                           0.000     0.000
clock source latency                                             0.000     0.000
clk1.inpad[0] (.input)                                           0.000     0.000
q1[1].clk[0] (.latch)                                            0.557     0.557
q1[1].Q[0] (.latch) [clock-to-output]                            0.124     0.681
n28.in[1] (.names)                                               0.120     0.801
n28.out[0] (.names)                                              0.261     1.062
q1[1].D[0] (.latch)                                              0.000     1.062
data arrival time                                                          1.062

clock clk1 (rise edge)                                           0.000     0.000
clock source latency                                             0.000     0.000
clk1.inpad[0] (.input)                                           0.000     0.000
q1[1].clk[0] (.latch)                                            0.557     0.557
clock uncertainty                                                0.000     0.557
cell setup time                                                 -0.066     0.491
data required time                                                         0.491
--------------------------------------------------------------------------------
data required time                                                         0.491
data arrival time                                                         -1.062
--------------------------------------------------------------------------------
slack (VIOLATED)                                                          -0.571


#Path 11
Startpoint: q1[1].Q[0] (.latch clocked by clk1)
Endpoint  : q1[2].D[0] (.latch clocked by clk1)
Path Type : setup

Point                                                             Incr      Path
--------------------------------------------------------------------------------
clock clk1 (rise edge)                                           0.000     0.000
clock source latency                                             0.000     0.000
clk1.inpad[0] (.input)                                           0.000     0.000
q1[1].clk[0] (.latch)                                            0.557     0.557
q1[1].Q[0] (.latch) [clock-to-output]                            0.124     0.681
n32.in[0] (.names)                                               0.120     0.801
n32.out[0] (.names)                                              0.261     1.062
q1[2].D[0] (.latch)                                              0.000     1.062
data arrival time                                                          1.062

clock clk1 (rise edge)                                           0.000     0.000
clock source latency                                             0.000     0.000
clk1.inpad[0] (.input)                                           0.000     0.000
q1[2].clk[0] (.latch)                                            0.557     0.557
clock uncertainty                                                0.000     0.557
cell setup time                                                 -0.066     0.491
data required time                                                         0.491
--------------------------------------------------------------------------------
data required time                                                         0.491
data arrival time                                                         -1.062
--------------------------------------------------------------------------------
slack (VIOLATED)                                                          -0.571


#Path 12
Startpoint: q1[2].Q[0] (.latch clocked by clk1)
Endpoint  : q1[3].D[0] (.latch clocked by clk1)
Path Type : setup

Point                                                             Incr      Path
--------------------------------------------------------------------------------
clock clk1 (rise edge)                                           0.000     0.000
clock source latency                                             0.000     0.000
clk1.inpad[0] (.input)                                           0.000     0.000
q1[2].clk[0] (.latch)                                            0.557     0.557
q1[2].Q[0] (.latch) [clock-to-output]                            0.124     0.681
n36.in[0] (.names)                                               0.120     0.801
n36.out[0] (.names)                                              0.261     1.062
q1[3].D[0] (.latch)                                              0.000     1.062
data arrival time                                                          1.062

clock clk1 (rise edge)                                           0.000     0.000
clock source latency                                             0.000     0.000
clk1.inpad[0] (.input)                                           0.000     0.000
q1[3].clk[0] (.latch)                                            0.557     0.557
clock uncertainty                                                0.000     0.557
cell setup time                                                 -0.066     0.491
data required time                                                         0.491
--------------------------------------------------------------------------------
data required time                                                         0.491
data arrival time                                                         -1.062
--------------------------------------------------------------------------------
slack (VIOLATED)                                                          -0.571


#Path 13
Startpoint: q0[0].Q[0] (.latch clocked by clk1)
Endpoint  : q0[0].D[0] (.latch clocked by clk1)
Path Type : setup

Point                                                             Incr      Path
--------------------------------------------------------------------------------
clock clk1 (rise edge)                                           0.000     0.000
clock source latency                                             0.000     0.000
clk1.inpad[0] (.input)                                           0.000     0.000
q0[0].clk[0] (.latch)                                            0.557     0.557
q0[0].Q[0] (.latch) [clock-to-output]                            0.124     0.681
n40.in[1] (.names)                                               0.120     0.801
n40.out[0] (.names)                                              0.261     1.062
q0[0].D[0] (.latch)                                              0.000     1.062
data arrival time                                                          1.062

clock clk1 (rise edge)                                           0.000     0.000
clock source latency                                             0.000     0.000
clk1.inpad[0] (.input)                                           0.000     0.000
q0[0].clk[0] (.latch)                                            0.557     0.557
clock uncertainty                                                0.000     0.557
cell setup time                                                 -0.066     0.491
data required time                                                         0.491
--------------------------------------------------------------------------------
data required time                                                         0.491
data arrival time                                                         -1.062
--------------------------------------------------------------------------------
slack (VIOLATED)                                                          -0.571


#Path 14
Startpoint: q0[1].Q[0] (.latch clocked by clk1)
Endpoint  : q0[1].D[0] (.latch clocked by clk1)
Path Type : setup

Point                                                             Incr      Path
--------------------------------------------------------------------------------
clock clk1 (rise edge)                                           0.000     0.000
clock source latency                                             0.000     0.000
clk1.inpad[0] (.input)                                           0.000     0.000
q0[1].clk[0] (.latch)                                            0.557     0.557
q0[1].Q[0] (.latch) [clock-to-output]                            0.124     0.681
n44.in[1] (.names)                                               0.120     0.801
n44.out[0] (.names)                                              0.261     1.062
q0[1].D[0] (.latch)                                              0.000     1.062
data arrival time                                                          1.062

clock clk1 (rise edge)                                           0.000     0.000
clock source latency                                             0.000     0.000
clk1.inpad[0] (.input)                                           0.000     0.000
q0[1].clk[0] (.latch)                                            0.557     0.557
clock uncertainty                                                0.000     0.557
cell setup time                                                 -0.066     0.491
data required time                                                         0.491
--------------------------------------------------------------------------------
data required time                                                         0.491
data arrival time                                                         -1.062
--------------------------------------------------------------------------------
slack (VIOLATED)                                                          -0.571


#Path 15
Startpoint: q0[1].Q[0] (.latch clocked by clk1)
Endpoint  : q0[2].D[0] (.latch clocked by clk1)
Path Type : setup

Point                                                             Incr      Path
--------------------------------------------------------------------------------
clock clk1 (rise edge)                                           0.000     0.000
clock source latency                                             0.000     0.000
clk1.inpad[0] (.input)                                           0.000     0.000
q0[1].clk[0] (.latch)                                            0.557     0.557
q0[1].Q[0] (.latch) [clock-to-output]                            0.124     0.681
n48.in[0] (.names)                                               0.120     0.801
n48.out[0] (.names)                                              0.261     1.062
q0[2].D[0] (.latch)                                              0.000     1.062
data arrival time                                                          1.062

clock clk1 (rise edge)                                           0.000     0.000
clock source latency                                             0.000     0.000
clk1.inpad[0] (.input)                                           0.000     0.000
q0[2].clk[0] (.latch)                                            0.557     0.557
clock uncertainty                                                0.000     0.557
cell setup time                                                 -0.066     0.491
data required time                                                         0.491
--------------------------------------------------------------------------------
data required time                                                         0.491
data arrival time                                                         -1.062
--------------------------------------------------------------------------------
slack (VIOLATED)                                                          -0.571


#Path 16
Startpoint: q0[2].Q[0] (.latch clocked by clk1)
Endpoint  : q0[3].D[0] (.latch clocked by clk1)
Path Type : setup

Point                                                             Incr      Path
--------------------------------------------------------------------------------
clock clk1 (rise edge)                                           0.000     0.000
clock source latency                                             0.000     0.000
clk1.inpad[0] (.input)                                           0.000     0.000
q0[2].clk[0] (.latch)                                            0.557     0.557
q0[2].Q[0] (.latch) [clock-to-output]                            0.124     0.681
n52.in[0] (.names)                                               0.120     0.801
n52.out[0] (.names)                                              0.261     1.062
q0[3].D[0] (.latch)                                              0.000     1.062
data arrival time                                                          1.062

clock clk1 (rise edge)                                           0.000     0.000
clock source latency                                             0.000     0.000
clk1.inpad[0] (.input)                                           0.000     0.000
q0[3].clk[0] (.latch)                                            0.557     0.557
clock uncertainty                                                0.000     0.557
cell setup time                                                 -0.066     0.491
data required time                                                         0.491
--------------------------------------------------------------------------------
data required time                                                         0.491
data arrival time                                                         -1.062
--------------------------------------------------------------------------------
slack (VIOLATED)                                                          -0.571


#End of timing report
