#Timing report of worst 2 path(s)
# Unit scale: 1e-09 seconds
# Output precision: 3

#Path 1
Startpoint: out.Q[0] (.latch clocked by clock)
Endpoint  : out:out.outpad[0] (.output clocked by clock)
Path Type : setup

Point                                                             Incr      Path
--------------------------------------------------------------------------------
clock clock (rise edge)                                          0.000     0.000
clock source latency                                             0.000     0.000
clock.inpad[0] (.input)                                          0.000     0.000
out.clk[0] (.latch)                                              2.183     2.183
out.Q[0] (.latch) [clock-to-output]                              0.060     2.244
out:out.outpad[0] (.output)                                      2.183     4.427
data arrival time                                                          4.427

clock clock (rise edge)                                          0.000     0.000
clock source latency                                             0.000     0.000
clock uncertainty                                                0.000     0.000
output external delay                                            0.000     0.000
data required time                                                         0.000
--------------------------------------------------------------------------------
data required time                                                         0.000
data arrival time                                                         -4.427
--------------------------------------------------------------------------------
slack (VIOLATED)                                                          -4.427


#Path 2
Startpoint: in.inpad[0] (.input clocked by clock)
Endpoint  : out.D[0] (.latch clocked by clock)
Path Type : setup

Point                                                             Incr      Path
--------------------------------------------------------------------------------
clock clock (rise edge)                                          0.000     0.000
clock source latency                                             0.000     0.000
input external delay                                             0.000     0.000
in.inpad[0] (.input)                                             0.000     0.000
out.D[0] (.latch)                                                2.183     2.183
data arrival time                                                          2.183

clock clock (rise edge)                                          0.000     0.000
clock source latency                                             0.000     0.000
clock.inpad[0] (.input)                                          0.000     0.000
out.clk[0] (.latch)                                              2.183     2.183
clock uncertainty                                                0.000     2.183
cell setup time                                                 -0.019     2.164
data required time                                                         2.164
--------------------------------------------------------------------------------
data required time                                                         2.164
data arrival time                                                         -2.183
--------------------------------------------------------------------------------
slack (VIOLATED)                                                          -0.019


#End of timing report
